// Jest Snapshot v1, https://goo.gl/fbAQLP

exports[` 1`] = `"<div>Please wait..</div>"`;

exports[`List articles component renders ListArticle 1`] = `"<div>Please wait..</div>"`;

exports[`List articles component shows h1 1`] = `"<div>Please wait..</div>"`;

exports[`List articles component shows loading when loading 1`] = `"<div>Please wait..</div>"`;
