// Jest Snapshot v1, https://goo.gl/fbAQLP

exports[`List articles component renders ListArticle 1`] = `"<div>Please wait..</div>"`;

exports[`List articles component shows error 1`] = `"<div><h1>An error occurred</h1><div id=\\"error-message\\">Something went wrong. Please try again.</div></div>"`;

exports[`List articles component shows error message 1`] = `"<div><h1>An error occurred</h1><div id=\\"error-text\\">Something went wrong. Please try again.</div></div>"`;

exports[`List articles component shows list of articles 1`] = `"<div><h1>List of articles</h1><div><h2>Article</h2><div><strong></strong></div><div>Author: <i></i></div><div></div></div></div>"`;
